#
# A fatal error has been detected by the Java Runtime Environment:
#
#  EXCEPTION_ACCESS_VIOLATION (0xc0000005) at pc=0x00007ffce243af30, pid=35812, tid=35168
#
# JRE version: OpenJDK Runtime Environment Temurin-21.0.8+9 (21.0.8+9) (build 21.0.8+9-LTS)
# Java VM: OpenJDK 64-Bit Server VM Temurin-21.0.8+9 (21.0.8+9-LTS, mixed mode, sharing, tiered, compressed oops, compressed class ptrs, g1 gc, windows-amd64)
# Problematic frame:
# C  [igxelpicd64.dll+0x1af30]
#
# No core dump will be written. Minidumps are not enabled by default on client versions of Windows
#
# If you would like to submit a bug report, please visit:
#   https://github.com/adoptium/adoptium-support/issues
# The crash happened outside the Java Virtual Machine in native code.
# See problematic frame for where to report the bug.
#

---------------  S U M M A R Y ------------

Command Line: -javaagent:C:\Program Files\JetBrains\IntelliJ IDEA 2025.2.3\lib\idea_rt.jar=52243 -Dfile.encoding=UTF-8 -Dsun.stdout.encoding=UTF-8 -Dsun.stderr.encoding=UTF-8 com.virtualvisit.scene.TerrainRealisteApp

Host: 13th Gen Intel(R) Core(TM) i7-13620H, 16 cores, 15G,  Windows 11 , 64 bit Build 22621 (10.0.22621.5415)
Time: Wed Oct 29 20:21:08 2025 Morocco Daylight Time elapsed time: 9.886590 seconds (0d 0h 0m 9s)

---------------  T H R E A D  ---------------

Current thread (0x000002411f5769c0):  JavaThread "jME3 Main"        [_thread_in_native, id=35168, stack(0x000000f6f4f00000,0x000000f6f5000000) (1024K)]

Stack: [0x000000f6f4f00000,0x000000f6f5000000],  sp=0x000000f6f4ffda00,  free space=1014k
Native frames: (J=compiled Java code, j=interpreted, Vv=VM code, C=native code)
C  [igxelpicd64.dll+0x1af30]

Java frames: (J=compiled Java code, j=interpreted, Vv=VM code)
j  org.lwjgl.opengl.GL11C.nglTexImage2D(IIIIIIIIJ)V+0
j  org.lwjgl.opengl.GL11C.glTexImage2D(IIIIIIIILjava/nio/ByteBuffer;)V+17
j  org.lwjgl.opengl.GL11.glTexImage2D(IIIIIIIILjava/nio/ByteBuffer;)V+14
j  com.jme3.renderer.lwjgl.LwjglGL.glTexImage2D(IIIIIIIILjava/nio/ByteBuffer;)V+20
j  com.jme3.renderer.opengl.TextureUtil.uploadTextureLevel(Lcom/jme3/renderer/opengl/GLImageFormat;IIIIIIIILjava/nio/ByteBuffer;)V+281
j  com.jme3.renderer.opengl.TextureUtil.uploadTexture(Lcom/jme3/texture/Image;IIZ)V+271
j  com.jme3.renderer.opengl.GLRenderer.updateTexImageData(Lcom/jme3/texture/Image;Lcom/jme3/texture/Texture$Type;IZ)V+759
j  com.jme3.renderer.opengl.GLRenderer.setTexture(ILcom/jme3/texture/Texture;)V+191
j  com.jme3.material.Material.updateShaderMaterialParameters(Lcom/jme3/renderer/Renderer;Lcom/jme3/shader/Shader;Lcom/jme3/util/SafeArrayList;Lcom/jme3/util/SafeArrayList;)I+148
j  com.jme3.material.Material.render(Lcom/jme3/scene/Geometry;Lcom/jme3/light/LightList;Lcom/jme3/renderer/RenderManager;)V+104
j  com.jme3.renderer.RenderManager.renderGeometry(Lcom/jme3/scene/Geometry;)V+251
j  com.jme3.renderer.queue.RenderQueue.renderGeometryList(Lcom/jme3/renderer/queue/GeometryList;Lcom/jme3/renderer/RenderManager;Lcom/jme3/renderer/Camera;Z)V+51
j  com.jme3.renderer.queue.RenderQueue.renderQueue(Lcom/jme3/renderer/queue/RenderQueue$Bucket;Lcom/jme3/renderer/RenderManager;Lcom/jme3/renderer/Camera;Z)V+68
j  com.jme3.renderer.RenderManager.renderViewPortQueues(Lcom/jme3/renderer/ViewPort;Z)V+60
j  com.jme3.renderer.RenderManager.flushQueue(Lcom/jme3/renderer/ViewPort;)V+3
j  com.jme3.renderer.RenderManager.renderViewPort(Lcom/jme3/renderer/ViewPort;F)V+457
j  com.jme3.water.WaterFilter.preFrame(F)V+136
j  com.jme3.post.FilterPostProcessor.preFrame(F)V+235
j  com.jme3.renderer.RenderManager.renderViewPort(Lcom/jme3/renderer/ViewPort;F)V+166
j  com.jme3.renderer.RenderManager.render(FZ)V+149
j  com.jme3.app.SimpleApplication.update()V+197
j  com.jme3.system.lwjgl.LwjglWindow.runLoop()V+37
j  com.jme3.system.lwjgl.LwjglWindow.run()V+54
j  java.lang.Thread.runWith(Ljava/lang/Object;Ljava/lang/Runnable;)V+5 java.base@21.0.8
j  java.lang.Thread.run()V+19 java.base@21.0.8
v  ~StubRoutines::call_stub 0x00000240c9c2100d

siginfo: EXCEPTION_ACCESS_VIOLATION (0xc0000005), reading address 0x0000000000000010


Registers:
RAX=0x0000000000000000, RBX=0x000000f6f4ffdae0, RCX=0x0000000000000200, RDX=0x0000000000000010
RSP=0x000000f6f4ffda00, RBP=0x000000f6f4ffdb60, RSI=0x0000000000000010, RDI=0x00000241231b0000
R8 =0x0000000000010000, R9 =0x0000000000000000, R10=0x0000000000000000, R11=0x000000f6f4ffdae0
R12=0x0000000000000001, R13=0x0000000000000001, R14=0x000000f6f4ffdc70, R15=0x0000000000000049
RIP=0x00007ffce243af30, EFLAGS=0x0000000000010206

XMM[0]=0x0000000000000000 0x0000000000000000
XMM[1]=0x0000000000000000 0x0000000000000000
XMM[2]=0x0000000000000000 0x0000000000000000
XMM[3]=0x0000000000000000 0x0000000000000000
XMM[4]=0x0000000000000000 0x0000000000000000
XMM[5]=0x0000000000000000 0x0000000000000000
XMM[6]=0xf858dbe58c3ce61c 0x1ccb11a160a20a98
XMM[7]=0x547b1bd30dd7db34 0xebda780769c7bbf1
XMM[8]=0x0288392ec5f2280c 0x0b3c73a17283a190
XMM[9]=0x05885b9405885b94 0x05885b94912df8d0
XMM[10]=0x0000000000000000 0x000000008ba59d3c
XMM[11]=0x466aec69466aec69 0x466aec69d798e539
XMM[12]=0x0000000000000000 0x00000000912df8d0
XMM[13]=0x0000000000000000 0x0000000042c80000
XMM[14]=0x0000000000000000 0x0000000000000000
XMM[15]=0x0000000000000000 0x0000000000000000
  MXCSR=0x00001fa1


Register to memory mapping:

RAX=0x0 is null
RBX=0x000000f6f4ffdae0 is pointing into the stack for thread: 0x000002411f5769c0
RCX=0x0000000000000200 is an unknown value
RDX=0x0000000000000010 is an unknown value
RSP=0x000000f6f4ffda00 is pointing into the stack for thread: 0x000002411f5769c0
RBP=0x000000f6f4ffdb60 is pointing into the stack for thread: 0x000002411f5769c0
RSI=0x0000000000000010 is an unknown value
RDI=0x00000241231b0000 points into unknown readable memory: 0xfa000000e31d7000 | 00 70 1d e3 00 00 00 fa
R8 =0x0000000000010000 is an unknown value
R9 =0x0 is null
R10=0x0 is null
R11=0x000000f6f4ffdae0 is pointing into the stack for thread: 0x000002411f5769c0
R12=0x0000000000000001 is an unknown value
R13=0x0000000000000001 is an unknown value
R14=0x000000f6f4ffdc70 is pointing into the stack for thread: 0x000002411f5769c0
R15=0x0000000000000049 is an unknown value

Top of Stack: (sp=0x000000f6f4ffda00)
0x000000f6f4ffda00:   ebda780769c7bbf1 547b1bd30dd7db34
0x000000f6f4ffda10:   1ccb11a160a20a98 f858dbe58c3ce61c
0x000000f6f4ffda20:   00000241231b0000 00007ffce250eadf
0x000000f6f4ffda30:   0000000000000000 0000000000000000
0x000000f6f4ffda40:   0000000000000049 000000f6f4ffdc70
0x000000f6f4ffda50:   000000f6f4ffdc70 00007ffce250ce7a
0x000000f6f4ffda60:   00000241231b0000 000000f6f4ffdb60
0x000000f6f4ffda70:   0000000000000000 0000000000000200
0x000000f6f4ffda80:   000000f6f4ff0049 0000000000000001
0x000000f6f4ffda90:   0000000000000010 00007ffce243e200
0x000000f6f4ffdaa0:   00000241224161f0 000002412a39aa68
0x000000f6f4ffdab0:   000000f6f4ffdb70 0000000000000000
0x000000f6f4ffdac0:   000000f6f4ffdb30 00000241224cb150
0x000000f6f4ffdad0:   0000000000000002 00000241224161d0
0x000000f6f4ffdae0:   00007ffce3218f50 00000241223dc4c0
0x000000f6f4ffdaf0:   0000008000000080 0000004900000000
0x000000f6f4ffdb00:   0000020000000004 0000000000000010
0x000000f6f4ffdb10:   00000004223d0049 00007ffc00000200
0x000000f6f4ffdb20:   00000241231b0000 0000024100000000
0x000000f6f4ffdb30:   0000000200000200 00000241224161d0
0x000000f6f4ffdb40:   00000241231b0000 000002411fa7a2b0
0x000000f6f4ffdb50:   0000024000000080 00007ffd00000001
0x000000f6f4ffdb60:   0000024000000001 0000000000000000
0x000000f6f4ffdb70:   0000000000000000 00007ffce36fc240
0x000000f6f4ffdb80:   0000000000000000 0000000000000001
0x000000f6f4ffdb90:   0000000000000000 000000f6f4ffdc30
0x000000f6f4ffdba0:   00008c70bf3acadd 00007ffce250cfc9
0x000000f6f4ffdbb0:   0000000000000000 00007ffce36fc240
0x000000f6f4ffdbc0:   0000000000000000 0000000000000001
0x000000f6f4ffdbd0:   0000000000000000 000002412a39a980
0x000000f6f4ffdbe0:   000000f6f4ffdcf0 00007ffce250fb14
0x000000f6f4ffdbf0:   000000f6f4ffde70 000000f6f4ffdcf0 

Instructions: (pc=0x00007ffce243af30)
0x00007ffce243ae30:   48 81 f9 00 10 00 00 76 0d 48 85 d2 74 08 45 8b
0x00007ffce243ae40:   c0 e8 0a 00 00 00 48 83 c4 28 c3 cc cc cc cc cc
0x00007ffce243ae50:   40 57 48 83 ec 20 45 33 d2 48 8b f9 49 83 f8 10
0x00007ffce243ae60:   0f 82 ae 00 00 00 83 e1 0f 0f 85 df 01 00 00 8b
0x00007ffce243ae70:   c1 45 8b ca 4c 2b c0 0f 29 74 24 10 49 8b c8 0f
0x00007ffce243ae80:   29 3c 24 48 c1 e9 07 f6 c2 0f 0f 84 94 00 00 00
0x00007ffce243ae90:   48 85 c9 74 6c 66 66 66 0f 1f 84 00 00 00 00 00
0x00007ffce243aea0:   f3 0f 6f 02 41 ff c1 f3 0f 6f 4a 10 41 8b c1 f3
0x00007ffce243aeb0:   0f 6f 52 20 f3 0f 6f 5a 30 f3 0f 6f 62 40 f3 0f
0x00007ffce243aec0:   6f 6a 50 f3 0f 6f 72 60 f3 0f 6f 7a 70 66 0f e7
0x00007ffce243aed0:   07 66 0f e7 4f 10 66 0f e7 57 20 66 0f e7 5f 30
0x00007ffce243aee0:   66 0f e7 67 40 66 0f e7 6f 50 66 0f e7 77 60 66
0x00007ffce243aef0:   0f e7 7f 70 48 83 ef 80 48 83 ea 80 48 3b c1 72
0x00007ffce243af00:   9f 41 83 e0 7f 0f 85 0e 01 00 00 0f 28 74 24 10
0x00007ffce243af10:   0f 28 3c 24 41 83 e0 0f 0f 85 b0 00 00 00 48 83
0x00007ffce243af20:   c4 20 5f c3 48 85 c9 74 68 0f 1f 80 00 00 00 00
0x00007ffce243af30:   f3 0f 6f 02 41 ff c1 f3 0f 6f 4a 10 f3 0f 6f 52
0x00007ffce243af40:   20 f3 0f 6f 5a 30 f3 0f 6f 62 40 f3 0f 6f 6a 50
0x00007ffce243af50:   f3 0f 6f 72 60 f3 0f 6f 7a 70 48 83 ea 80 66 0f
0x00007ffce243af60:   e7 07 66 0f e7 4f 10 66 0f e7 57 20 66 0f e7 5f
0x00007ffce243af70:   30 66 0f e7 67 40 66 0f e7 6f 50 66 0f e7 77 60
0x00007ffce243af80:   66 0f e7 7f 70 48 83 ef 80 41 8b c1 48 3b c1 72
0x00007ffce243af90:   9f 41 83 e0 7f 0f 84 70 ff ff ff 45 8b c8 41 8b
0x00007ffce243afa0:   ca 49 c1 e9 04 4d 85 c9 0f 84 5d ff ff ff 66 90
0x00007ffce243afb0:   f3 0f 6f 02 ff c1 66 0f e7 07 48 83 c7 10 8b c1
0x00007ffce243afc0:   48 83 c2 10 49 3b c1 72 e7 e9 3d ff ff ff 4d 8b
0x00007ffce243afd0:   c8 41 8b ca 49 c1 e9 02 4d 85 c9 74 15 8b 02 ff
0x00007ffce243afe0:   c1 89 07 48 83 c2 04 48 83 c7 04 8b c1 49 3b c1
0x00007ffce243aff0:   72 eb 41 83 e0 03 0f 86 22 ff ff ff 48 2b d7 0f
0x00007ffce243b000:   b6 04 3a 41 ff c2 88 07 48 8d 7f 01 41 8b c2 49
0x00007ffce243b010:   3b c0 72 eb e9 05 ff ff ff 4d 8b c8 41 8b ca 49
0x00007ffce243b020:   c1 e9 04 4d 85 c9 0f 84 df fe ff ff 0f 1f 40 00 


Stack slot to memory mapping:

stack at sp + 0 slots: 0xebda780769c7bbf1 is an unknown value
stack at sp + 1 slots: 0x547b1bd30dd7db34 is an unknown value
stack at sp + 2 slots: 0x1ccb11a160a20a98 is an unknown value
stack at sp + 3 slots: 0xf858dbe58c3ce61c is an unknown value
stack at sp + 4 slots: 0x00000241231b0000 points into unknown readable memory: 0xfa000000e31d7000 | 00 70 1d e3 00 00 00 fa
stack at sp + 5 slots: 0x00007ffce250eadf igxelpicd64.dll
stack at sp + 6 slots: 0x0 is null
stack at sp + 7 slots: 0x0 is null


---------------  P R O C E S S  ---------------

Threads class SMR info:
_java_thread_list=0x0000024129a4b280, length=23, elements={
0x00000240d9f66e10, 0x00000240d9f67d20, 0x00000240d9f6a480, 0x00000240d9f6d010,
0x00000240d9f8fdd0, 0x00000240d9f91d40, 0x00000240d9f97d90, 0x00000240d9f9d830,
0x000002411f102ea0, 0x000002411f298fd0, 0x000002411f3ed180, 0x000002411f5769c0,
0x00000240ba0d0570, 0x000002412257e800, 0x000002412257ee90, 0x00000240d9f9c3c0,
0x00000240d9f9bcf0, 0x00000240d9f9ca90, 0x000002412257f520, 0x00000240d9f9df00,
0x00000240d9f9d160, 0x000002412257fbb0, 0x00000240d9f9a880
}

Java Threads: ( => current thread )
  0x00000240d9f66e10 JavaThread "Reference Handler"          daemon [_thread_blocked, id=2784, stack(0x000000f6f3f00000,0x000000f6f4000000) (1024K)]
  0x00000240d9f67d20 JavaThread "Finalizer"                  daemon [_thread_blocked, id=15156, stack(0x000000f6f4000000,0x000000f6f4100000) (1024K)]
  0x00000240d9f6a480 JavaThread "Signal Dispatcher"          daemon [_thread_blocked, id=16216, stack(0x000000f6f4100000,0x000000f6f4200000) (1024K)]
  0x00000240d9f6d010 JavaThread "Attach Listener"            daemon [_thread_blocked, id=10452, stack(0x000000f6f4200000,0x000000f6f4300000) (1024K)]
  0x00000240d9f8fdd0 JavaThread "Service Thread"             daemon [_thread_blocked, id=29396, stack(0x000000f6f4300000,0x000000f6f4400000) (1024K)]
  0x00000240d9f91d40 JavaThread "Monitor Deflation Thread"   daemon [_thread_blocked, id=16300, stack(0x000000f6f4400000,0x000000f6f4500000) (1024K)]
  0x00000240d9f97d90 JavaThread "C2 CompilerThread0"         daemon [_thread_blocked, id=16764, stack(0x000000f6f4500000,0x000000f6f4600000) (1024K)]
  0x00000240d9f9d830 JavaThread "C1 CompilerThread0"         daemon [_thread_blocked, id=30368, stack(0x000000f6f4600000,0x000000f6f4700000) (1024K)]
  0x000002411f102ea0 JavaThread "Common-Cleaner"             daemon [_thread_blocked, id=27520, stack(0x000000f6f4700000,0x000000f6f4800000) (1024K)]
  0x000002411f298fd0 JavaThread "Monitor Ctrl-Break"         daemon [_thread_in_native, id=31636, stack(0x000000f6f4900000,0x000000f6f4a00000) (1024K)]
  0x000002411f3ed180 JavaThread "Notification Thread"        daemon [_thread_blocked, id=18704, stack(0x000000f6f4a00000,0x000000f6f4b00000) (1024K)]
=>0x000002411f5769c0 JavaThread "jME3 Main"                         [_thread_in_native, id=35168, stack(0x000000f6f4f00000,0x000000f6f5000000) (1024K)]
  0x00000240ba0d0570 JavaThread "DestroyJavaVM"                     [_thread_blocked, id=11796, stack(0x000000f6f3700000,0x000000f6f3800000) (1024K)]
  0x000002412257e800 JavaThread "LWJGL Deallocator"          daemon [_thread_blocked, id=30340, stack(0x000000f6f5700000,0x000000f6f5800000) (1024K)]
  0x000002412257ee90 JavaThread "jME3 Audio Decoder"         daemon [_thread_blocked, id=36748, stack(0x000000f6f4800000,0x000000f6f4900000) (1024K)]
  0x00000240d9f9c3c0 JavaThread "C1 CompilerThread1"         daemon [_thread_blocked, id=29856, stack(0x000000f6f4b00000,0x000000f6f4c00000) (1024K)]
  0x00000240d9f9bcf0 JavaThread "C1 CompilerThread2"         daemon [_thread_blocked, id=13612, stack(0x000000f6f5a00000,0x000000f6f5b00000) (1024K)]
  0x00000240d9f9ca90 JavaThread "C1 CompilerThread3"         daemon [_thread_blocked, id=24440, stack(0x000000f6f5b00000,0x000000f6f5c00000) (1024K)]
  0x000002412257f520 JavaThread "Java2D Disposer"            daemon [_thread_blocked, id=7488, stack(0x000000f6f6600000,0x000000f6f6700000) (1024K)]
  0x00000240d9f9df00 JavaThread "C2 CompilerThread1"         daemon [_thread_blocked, id=27940, stack(0x000000f6f6700000,0x000000f6f6800000) (1024K)]
  0x00000240d9f9d160 JavaThread "C2 CompilerThread2"         daemon [_thread_blocked, id=25652, stack(0x000000f6f6800000,0x000000f6f6900000) (1024K)]
  0x000002412257fbb0 JavaThread "jME3 Terrain Thread [0]"    daemon [_thread_blocked, id=35212, stack(0x000000f6f6a00000,0x000000f6f6b00000) (1024K)]
  0x00000240d9f9a880 JavaThread "C2 CompilerThread3"         daemon [_thread_blocked, id=25068, stack(0x000000f6f6900000,0x000000f6f6a00000) (1024K)]
Total: 23

Other Threads:
  0x00000240d9f4ebb0 VMThread "VM Thread"                           [id=27348, stack(0x000000f6f3e00000,0x000000f6f3f00000) (1024K)]
  0x00000240d9f3cac0 WatcherThread "VM Periodic Task Thread"        [id=16032, stack(0x000000f6f3d00000,0x000000f6f3e00000) (1024K)]
  0x00000240ba139cc0 WorkerThread "GC Thread#0"                     [id=28652, stack(0x000000f6f3800000,0x000000f6f3900000) (1024K)]
  0x0000024122c14af0 WorkerThread "GC Thread#1"                     [id=29152, stack(0x000000f6f5c00000,0x000000f6f5d00000) (1024K)]
  0x0000024122c14e90 WorkerThread "GC Thread#2"                     [id=28316, stack(0x000000f6f5d00000,0x000000f6f5e00000) (1024K)]
  0x0000024122c15230 WorkerThread "GC Thread#3"                     [id=15632, stack(0x000000f6f5e00000,0x000000f6f5f00000) (1024K)]
  0x0000024122eb8280 WorkerThread "GC Thread#4"                     [id=16584, stack(0x000000f6f5f00000,0x000000f6f6000000) (1024K)]
  0x0000024122f0ebf0 WorkerThread "GC Thread#5"                     [id=36136, stack(0x000000f6f6000000,0x000000f6f6100000) (1024K)]
  0x0000024122f0fe10 WorkerThread "GC Thread#6"                     [id=7720, stack(0x000000f6f6100000,0x000000f6f6200000) (1024K)]
  0x0000024122f0ef90 WorkerThread "GC Thread#7"                     [id=22484, stack(0x000000f6f6200000,0x000000f6f6300000) (1024K)]
  0x0000024122f0f6d0 WorkerThread "GC Thread#8"                     [id=13520, stack(0x000000f6f6300000,0x000000f6f6400000) (1024K)]
  0x0000024122f101b0 WorkerThread "GC Thread#9"                     [id=27412, stack(0x000000f6f6400000,0x000000f6f6500000) (1024K)]
  0x0000024122f0f330 WorkerThread "GC Thread#10"                    [id=12248, stack(0x000000f6f6500000,0x000000f6f6600000) (1024K)]
  0x00000240ba14a820 ConcurrentGCThread "G1 Main Marker"            [id=18740, stack(0x000000f6f3900000,0x000000f6f3a00000) (1024K)]
  0x00000240ba14b320 WorkerThread "G1 Conc#0"                       [id=15760, stack(0x000000f6f3a00000,0x000000f6f3b00000) (1024K)]
  0x00000240d9e0c8b0 ConcurrentGCThread "G1 Refine#0"               [id=21772, stack(0x000000f6f3b00000,0x000000f6f3c00000) (1024K)]
  0x00000240d9e0d420 ConcurrentGCThread "G1 Service"                [id=32148, stack(0x000000f6f3c00000,0x000000f6f3d00000) (1024K)]
Total: 17

Threads with active compile tasks:
Total: 0

VM state: not at safepoint (normal execution)

VM Mutex/Monitor currently owned by a thread: None

Heap address: 0x0000000704800000, size: 4024 MB, Compressed Oops mode: Zero based, Oop shift amount: 3

CDS archive(s) mapped at: [0x00000240da000000-0x00000240dac80000-0x00000240dac80000), size 13107200, SharedBaseAddress: 0x00000240da000000, ArchiveRelocationMode: 1.
Compressed class space mapped at: 0x00000240db000000-0x000002411b000000, reserved size: 1073741824
Narrow klass base: 0x00000240da000000, Narrow klass shift: 0, Narrow klass range: 0x100000000

GC Precious Log:
 CardTable entry size: 512
 Card Set container configuration: InlinePtr #cards 4 size 8 Array Of Cards #cards 16 size 48 Howl #buckets 8 coarsen threshold 3686 Howl Bitmap #cards 512 size 80 coarsen threshold 460 Card regions per heap region 1 cards per card region 4096
 CPUs: 16 total, 16 available
 Memory: 16088M
 Large Page Support: Disabled
 NUMA Support: Disabled
 Compressed Oops: Enabled (Zero based)
 Heap Region Size: 2M
 Heap Min Capacity: 8M
 Heap Initial Capacity: 252M
 Heap Max Capacity: 4024M
 Pre-touch: Disabled
 Parallel Workers: 13
 Concurrent Workers: 3
 Concurrent Refinement Workers: 13
 Periodic GC: Disabled

Heap:
 garbage-first heap   total 258048K, used 38231K [0x0000000704800000, 0x0000000800000000)
  region size 2048K, 18 young (36864K), 1 survivors (2048K)
 Metaspace       used 10804K, committed 11008K, reserved 1114112K
  class space    used 858K, committed 960K, reserved 1048576K

Heap Regions: E=young(eden), S=young(survivor), O=old, HS=humongous(starts), HC=humongous(continues), CS=collection set, F=free, TAMS=top-at-mark-start, PB=parsable bottom
|   0|0x0000000704800000, 0x0000000704a00000, 0x0000000704a00000|100%|HS|  |TAMS 0x0000000704800000| PB 0x0000000704800000| Complete 
|   1|0x0000000704a00000, 0x0000000704a00000, 0x0000000704c00000|  0%| F|  |TAMS 0x0000000704a00000| PB 0x0000000704a00000| Untracked 
|   2|0x0000000704c00000, 0x0000000704e00000, 0x0000000704e00000|100%| O|  |TAMS 0x0000000704c00000| PB 0x0000000704c00000| Untracked 
|   3|0x0000000704e00000, 0x0000000704f66bd0, 0x0000000705000000| 70%| O|  |TAMS 0x0000000704e00000| PB 0x0000000704e00000| Untracked 
|   4|0x0000000705000000, 0x0000000705000000, 0x0000000705200000|  0%| F|  |TAMS 0x0000000705000000| PB 0x0000000705000000| Untracked 
|   5|0x0000000705200000, 0x0000000705200000, 0x0000000705400000|  0%| F|  |TAMS 0x0000000705200000| PB 0x0000000705200000| Untracked 
|   6|0x0000000705400000, 0x0000000705400000, 0x0000000705600000|  0%| F|  |TAMS 0x0000000705400000| PB 0x0000000705400000| Untracked 
|   7|0x0000000705600000, 0x0000000705600000, 0x0000000705800000|  0%| F|  |TAMS 0x0000000705600000| PB 0x0000000705600000| Untracked 
|   8|0x0000000705800000, 0x0000000705800000, 0x0000000705a00000|  0%| F|  |TAMS 0x0000000705800000| PB 0x0000000705800000| Untracked 
|   9|0x0000000705a00000, 0x0000000705a00000, 0x0000000705c00000|  0%| F|  |TAMS 0x0000000705a00000| PB 0x0000000705a00000| Untracked 
|  10|0x0000000705c00000, 0x0000000705c00000, 0x0000000705e00000|  0%| F|  |TAMS 0x0000000705c00000| PB 0x0000000705c00000| Untracked 
|  11|0x0000000705e00000, 0x0000000705e00000, 0x0000000706000000|  0%| F|  |TAMS 0x0000000705e00000| PB 0x0000000705e00000| Untracked 
|  12|0x0000000706000000, 0x0000000706000000, 0x0000000706200000|  0%| F|  |TAMS 0x0000000706000000| PB 0x0000000706000000| Untracked 
|  13|0x0000000706200000, 0x0000000706200000, 0x0000000706400000|  0%| F|  |TAMS 0x0000000706200000| PB 0x0000000706200000| Untracked 
|  14|0x0000000706400000, 0x0000000706400000, 0x0000000706600000|  0%| F|  |TAMS 0x0000000706400000| PB 0x0000000706400000| Untracked 
|  15|0x0000000706600000, 0x0000000706600000, 0x0000000706800000|  0%| F|  |TAMS 0x0000000706600000| PB 0x0000000706600000| Untracked 
|  16|0x0000000706800000, 0x0000000706800000, 0x0000000706a00000|  0%| F|  |TAMS 0x0000000706800000| PB 0x0000000706800000| Untracked 
|  17|0x0000000706a00000, 0x0000000706a00000, 0x0000000706c00000|  0%| F|  |TAMS 0x0000000706a00000| PB 0x0000000706a00000| Untracked 
|  18|0x0000000706c00000, 0x0000000706c00000, 0x0000000706e00000|  0%| F|  |TAMS 0x0000000706c00000| PB 0x0000000706c00000| Untracked 
|  19|0x0000000706e00000, 0x0000000706e00000, 0x0000000707000000|  0%| F|  |TAMS 0x0000000706e00000| PB 0x0000000706e00000| Untracked 
|  20|0x0000000707000000, 0x0000000707000000, 0x0000000707200000|  0%| F|  |TAMS 0x0000000707000000| PB 0x0000000707000000| Untracked 
|  21|0x0000000707200000, 0x0000000707200000, 0x0000000707400000|  0%| F|  |TAMS 0x0000000707200000| PB 0x0000000707200000| Untracked 
|  22|0x0000000707400000, 0x0000000707400000, 0x0000000707600000|  0%| F|  |TAMS 0x0000000707400000| PB 0x0000000707400000| Untracked 
|  23|0x0000000707600000, 0x0000000707600000, 0x0000000707800000|  0%| F|  |TAMS 0x0000000707600000| PB 0x0000000707600000| Untracked 
|  24|0x0000000707800000, 0x0000000707800000, 0x0000000707a00000|  0%| F|  |TAMS 0x0000000707800000| PB 0x0000000707800000| Untracked 
|  25|0x0000000707a00000, 0x0000000707a00000, 0x0000000707c00000|  0%| F|  |TAMS 0x0000000707a00000| PB 0x0000000707a00000| Untracked 
|  26|0x0000000707c00000, 0x0000000707c00000, 0x0000000707e00000|  0%| F|  |TAMS 0x0000000707c00000| PB 0x0000000707c00000| Untracked 
|  27|0x0000000707e00000, 0x0000000707e00000, 0x0000000708000000|  0%| F|  |TAMS 0x0000000707e00000| PB 0x0000000707e00000| Untracked 
|  28|0x0000000708000000, 0x0000000708000000, 0x0000000708200000|  0%| F|  |TAMS 0x0000000708000000| PB 0x0000000708000000| Untracked 
|  29|0x0000000708200000, 0x0000000708200000, 0x0000000708400000|  0%| F|  |TAMS 0x0000000708200000| PB 0x0000000708200000| Untracked 
|  30|0x0000000708400000, 0x0000000708400000, 0x0000000708600000|  0%| F|  |TAMS 0x0000000708400000| PB 0x0000000708400000| Untracked 
|  31|0x0000000708600000, 0x0000000708600000, 0x0000000708800000|  0%| F|  |TAMS 0x0000000708600000| PB 0x0000000708600000| Untracked 
|  32|0x0000000708800000, 0x0000000708800000, 0x0000000708a00000|  0%| F|  |TAMS 0x0000000708800000| PB 0x0000000708800000| Untracked 
|  33|0x0000000708a00000, 0x0000000708a00000, 0x0000000708c00000|  0%| F|  |TAMS 0x0000000708a00000| PB 0x0000000708a00000| Untracked 
|  34|0x0000000708c00000, 0x0000000708c00000, 0x0000000708e00000|  0%| F|  |TAMS 0x0000000708c00000| PB 0x0000000708c00000| Untracked 
|  35|0x0000000708e00000, 0x0000000708e00000, 0x0000000709000000|  0%| F|  |TAMS 0x0000000708e00000| PB 0x0000000708e00000| Untracked 
|  36|0x0000000709000000, 0x0000000709000000, 0x0000000709200000|  0%| F|  |TAMS 0x0000000709000000| PB 0x0000000709000000| Untracked 
|  37|0x0000000709200000, 0x0000000709200000, 0x0000000709400000|  0%| F|  |TAMS 0x0000000709200000| PB 0x0000000709200000| Untracked 
|  38|0x0000000709400000, 0x0000000709400000, 0x0000000709600000|  0%| F|  |TAMS 0x0000000709400000| PB 0x0000000709400000| Untracked 
|  39|0x0000000709600000, 0x0000000709600000, 0x0000000709800000|  0%| F|  |TAMS 0x0000000709600000| PB 0x0000000709600000| Untracked 
|  40|0x0000000709800000, 0x0000000709800000, 0x0000000709a00000|  0%| F|  |TAMS 0x0000000709800000| PB 0x0000000709800000| Untracked 
|  41|0x0000000709a00000, 0x0000000709a00000, 0x0000000709c00000|  0%| F|  |TAMS 0x0000000709a00000| PB 0x0000000709a00000| Untracked 
|  42|0x0000000709c00000, 0x0000000709c00000, 0x0000000709e00000|  0%| F|  |TAMS 0x0000000709c00000| PB 0x0000000709c00000| Untracked 
|  43|0x0000000709e00000, 0x0000000709e00000, 0x000000070a000000|  0%| F|  |TAMS 0x0000000709e00000| PB 0x0000000709e00000| Untracked 
|  44|0x000000070a000000, 0x000000070a000000, 0x000000070a200000|  0%| F|  |TAMS 0x000000070a000000| PB 0x000000070a000000| Untracked 
|  45|0x000000070a200000, 0x000000070a200000, 0x000000070a400000|  0%| F|  |TAMS 0x000000070a200000| PB 0x000000070a200000| Untracked 
|  46|0x000000070a400000, 0x000000070a400000, 0x000000070a600000|  0%| F|  |TAMS 0x000000070a400000| PB 0x000000070a400000| Untracked 
|  47|0x000000070a600000, 0x000000070a600000, 0x000000070a800000|  0%| F|  |TAMS 0x000000070a600000| PB 0x000000070a600000| Untracked 
|  48|0x000000070a800000, 0x000000070a800000, 0x000000070aa00000|  0%| F|  |TAMS 0x000000070a800000| PB 0x000000070a800000| Untracked 
|  49|0x000000070aa00000, 0x000000070aa00000, 0x000000070ac00000|  0%| F|  |TAMS 0x000000070aa00000| PB 0x000000070aa00000| Untracked 
|  50|0x000000070ac00000, 0x000000070ac00000, 0x000000070ae00000|  0%| F|  |TAMS 0x000000070ac00000| PB 0x000000070ac00000| Untracked 
|  51|0x000000070ae00000, 0x000000070ae00000, 0x000000070b000000|  0%| F|  |TAMS 0x000000070ae00000| PB 0x000000070ae00000| Untracked 
|  52|0x000000070b000000, 0x000000070b000000, 0x000000070b200000|  0%| F|  |TAMS 0x000000070b000000| PB 0x000000070b000000| Untracked 
|  53|0x000000070b200000, 0x000000070b200000, 0x000000070b400000|  0%| F|  |TAMS 0x000000070b200000| PB 0x000000070b200000| Untracked 
|  54|0x000000070b400000, 0x000000070b400000, 0x000000070b600000|  0%| F|  |TAMS 0x000000070b400000| PB 0x000000070b400000| Untracked 
|  55|0x000000070b600000, 0x000000070b600000, 0x000000070b800000|  0%| F|  |TAMS 0x000000070b600000| PB 0x000000070b600000| Untracked 
|  56|0x000000070b800000, 0x000000070b800000, 0x000000070ba00000|  0%| F|  |TAMS 0x000000070b800000| PB 0x000000070b800000| Untracked 
|  57|0x000000070ba00000, 0x000000070ba00000, 0x000000070bc00000|  0%| F|  |TAMS 0x000000070ba00000| PB 0x000000070ba00000| Untracked 
|  58|0x000000070bc00000, 0x000000070bc00000, 0x000000070be00000|  0%| F|  |TAMS 0x000000070bc00000| PB 0x000000070bc00000| Untracked 
|  59|0x000000070be00000, 0x000000070be00000, 0x000000070c000000|  0%| F|  |TAMS 0x000000070be00000| PB 0x000000070be00000| Untracked 
|  60|0x000000070c000000, 0x000000070c000000, 0x000000070c200000|  0%| F|  |TAMS 0x000000070c000000| PB 0x000000070c000000| Untracked 
|  61|0x000000070c200000, 0x000000070c200000, 0x000000070c400000|  0%| F|  |TAMS 0x000000070c200000| PB 0x000000070c200000| Untracked 
|  62|0x000000070c400000, 0x000000070c400000, 0x000000070c600000|  0%| F|  |TAMS 0x000000070c400000| PB 0x000000070c400000| Untracked 
|  63|0x000000070c600000, 0x000000070c600000, 0x000000070c800000|  0%| F|  |TAMS 0x000000070c600000| PB 0x000000070c600000| Untracked 
|  64|0x000000070c800000, 0x000000070c800000, 0x000000070ca00000|  0%| F|  |TAMS 0x000000070c800000| PB 0x000000070c800000| Untracked 
|  65|0x000000070ca00000, 0x000000070ca00000, 0x000000070cc00000|  0%| F|  |TAMS 0x000000070ca00000| PB 0x000000070ca00000| Untracked 
|  66|0x000000070cc00000, 0x000000070cc00000, 0x000000070ce00000|  0%| F|  |TAMS 0x000000070cc00000| PB 0x000000070cc00000| Untracked 
|  67|0x000000070ce00000, 0x000000070ce00000, 0x000000070d000000|  0%| F|  |TAMS 0x000000070ce00000| PB 0x000000070ce00000| Untracked 
|  68|0x000000070d000000, 0x000000070d000000, 0x000000070d200000|  0%| F|  |TAMS 0x000000070d000000| PB 0x000000070d000000| Untracked 
|  69|0x000000070d200000, 0x000000070d200000, 0x000000070d400000|  0%| F|  |TAMS 0x000000070d200000| PB 0x000000070d200000| Untracked 
|  70|0x000000070d400000, 0x000000070d400000, 0x000000070d600000|  0%| F|  |TAMS 0x000000070d400000| PB 0x000000070d400000| Untracked 
|  71|0x000000070d600000, 0x000000070d600000, 0x000000070d800000|  0%| F|  |TAMS 0x000000070d600000| PB 0x000000070d600000| Untracked 
|  72|0x000000070d800000, 0x000000070d800000, 0x000000070da00000|  0%| F|  |TAMS 0x000000070d800000| PB 0x000000070d800000| Untracked 
|  73|0x000000070da00000, 0x000000070da00000, 0x000000070dc00000|  0%| F|  |TAMS 0x000000070da00000| PB 0x000000070da00000| Untracked 
|  74|0x000000070dc00000, 0x000000070dc00000, 0x000000070de00000|  0%| F|  |TAMS 0x000000070dc00000| PB 0x000000070dc00000| Untracked 
|  75|0x000000070de00000, 0x000000070de00000, 0x000000070e000000|  0%| F|  |TAMS 0x000000070de00000| PB 0x000000070de00000| Untracked 
|  76|0x000000070e000000, 0x000000070e000000, 0x000000070e200000|  0%| F|  |TAMS 0x000000070e000000| PB 0x000000070e000000| Untracked 
|  77|0x000000070e200000, 0x000000070e200000, 0x000000070e400000|  0%| F|  |TAMS 0x000000070e200000| PB 0x000000070e200000| Untracked 
|  78|0x000000070e400000, 0x000000070e400000, 0x000000070e600000|  0%| F|  |TAMS 0x000000070e400000| PB 0x000000070e400000| Untracked 
|  79|0x000000070e600000, 0x000000070e600000, 0x000000070e800000|  0%| F|  |TAMS 0x000000070e600000| PB 0x000000070e600000| Untracked 
|  80|0x000000070e800000, 0x000000070e800000, 0x000000070ea00000|  0%| F|  |TAMS 0x000000070e800000| PB 0x000000070e800000| Untracked 
|  81|0x000000070ea00000, 0x000000070ea00000, 0x000000070ec00000|  0%| F|  |TAMS 0x000000070ea00000| PB 0x000000070ea00000| Untracked 
|  82|0x000000070ec00000, 0x000000070ec00000, 0x000000070ee00000|  0%| F|  |TAMS 0x000000070ec00000| PB 0x000000070ec00000| Untracked 
|  83|0x000000070ee00000, 0x000000070ee00000, 0x000000070f000000|  0%| F|  |TAMS 0x000000070ee00000| PB 0x000000070ee00000| Untracked 
|  84|0x000000070f000000, 0x000000070f000000, 0x000000070f200000|  0%| F|  |TAMS 0x000000070f000000| PB 0x000000070f000000| Untracked 
|  85|0x000000070f200000, 0x000000070f200000, 0x000000070f400000|  0%| F|  |TAMS 0x000000070f200000| PB 0x000000070f200000| Untracked 
|  86|0x000000070f400000, 0x000000070f400000, 0x000000070f600000|  0%| F|  |TAMS 0x000000070f400000| PB 0x000000070f400000| Untracked 
|  87|0x000000070f600000, 0x000000070f600000, 0x000000070f800000|  0%| F|  |TAMS 0x000000070f600000| PB 0x000000070f600000| Untracked 
|  88|0x000000070f800000, 0x000000070f800000, 0x000000070fa00000|  0%| F|  |TAMS 0x000000070f800000| PB 0x000000070f800000| Untracked 
|  89|0x000000070fa00000, 0x000000070fa00000, 0x000000070fc00000|  0%| F|  |TAMS 0x000000070fa00000| PB 0x000000070fa00000| Untracked 
|  90|0x000000070fc00000, 0x000000070fc00000, 0x000000070fe00000|  0%| F|  |TAMS 0x000000070fc00000| PB 0x000000070fc00000| Untracked 
|  91|0x000000070fe00000, 0x000000070fe00000, 0x0000000710000000|  0%| F|  |TAMS 0x000000070fe00000| PB 0x000000070fe00000| Untracked 
|  92|0x0000000710000000, 0x0000000710000000, 0x0000000710200000|  0%| F|  |TAMS 0x0000000710000000| PB 0x0000000710000000| Untracked 
|  93|0x0000000710200000, 0x0000000710200000, 0x0000000710400000|  0%| F|  |TAMS 0x0000000710200000| PB 0x0000000710200000| Untracked 
|  94|0x0000000710400000, 0x0000000710400000, 0x0000000710600000|  0%| F|  |TAMS 0x0000000710400000| PB 0x0000000710400000| Untracked 
|  95|0x0000000710600000, 0x0000000710600000, 0x0000000710800000|  0%| F|  |TAMS 0x0000000710600000| PB 0x0000000710600000| Untracked 
|  96|0x0000000710800000, 0x0000000710800000, 0x0000000710a00000|  0%| F|  |TAMS 0x0000000710800000| PB 0x0000000710800000| Untracked 
|  97|0x0000000710a00000, 0x0000000710a00000, 0x0000000710c00000|  0%| F|  |TAMS 0x0000000710a00000| PB 0x0000000710a00000| Untracked 
|  98|0x0000000710c00000, 0x0000000710c00000, 0x0000000710e00000|  0%| F|  |TAMS 0x0000000710c00000| PB 0x0000000710c00000| Untracked 
|  99|0x0000000710e00000, 0x0000000710e00000, 0x0000000711000000|  0%| F|  |TAMS 0x0000000710e00000| PB 0x0000000710e00000| Untracked 
| 100|0x0000000711000000, 0x0000000711000000, 0x0000000711200000|  0%| F|  |TAMS 0x0000000711000000| PB 0x0000000711000000| Untracked 
| 101|0x0000000711200000, 0x0000000711200000, 0x0000000711400000|  0%| F|  |TAMS 0x0000000711200000| PB 0x0000000711200000| Untracked 
| 102|0x0000000711400000, 0x0000000711400000, 0x0000000711600000|  0%| F|  |TAMS 0x0000000711400000| PB 0x0000000711400000| Untracked 
| 103|0x0000000711600000, 0x0000000711600000, 0x0000000711800000|  0%| F|  |TAMS 0x0000000711600000| PB 0x0000000711600000| Untracked 
| 104|0x0000000711800000, 0x0000000711800000, 0x0000000711a00000|  0%| F|  |TAMS 0x0000000711800000| PB 0x0000000711800000| Untracked 
| 105|0x0000000711a00000, 0x0000000711a00000, 0x0000000711c00000|  0%| F|  |TAMS 0x0000000711a00000| PB 0x0000000711a00000| Untracked 
| 106|0x0000000711c00000, 0x0000000711def108, 0x0000000711e00000| 96%| S|CS|TAMS 0x0000000711c00000| PB 0x0000000711c00000| Complete 
| 107|0x0000000711e00000, 0x0000000711e00000, 0x0000000712000000|  0%| F|  |TAMS 0x0000000711e00000| PB 0x0000000711e00000| Untracked 
| 108|0x0000000712000000, 0x0000000712000000, 0x0000000712200000|  0%| F|  |TAMS 0x0000000712000000| PB 0x0000000712000000| Untracked 
| 109|0x0000000712200000, 0x00000007123c67b0, 0x0000000712400000| 88%| E|  |TAMS 0x0000000712200000| PB 0x0000000712200000| Complete 
| 110|0x0000000712400000, 0x0000000712600000, 0x0000000712600000|100%| E|CS|TAMS 0x0000000712400000| PB 0x0000000712400000| Complete 
| 111|0x0000000712600000, 0x0000000712800000, 0x0000000712800000|100%| E|  |TAMS 0x0000000712600000| PB 0x0000000712600000| Complete 
| 112|0x0000000712800000, 0x0000000712a00000, 0x0000000712a00000|100%| E|CS|TAMS 0x0000000712800000| PB 0x0000000712800000| Complete 
| 113|0x0000000712a00000, 0x0000000712c00000, 0x0000000712c00000|100%| E|CS|TAMS 0x0000000712a00000| PB 0x0000000712a00000| Complete 
| 114|0x0000000712c00000, 0x0000000712e00000, 0x0000000712e00000|100%| E|CS|TAMS 0x0000000712c00000| PB 0x0000000712c00000| Complete 
| 115|0x0000000712e00000, 0x0000000713000000, 0x0000000713000000|100%| E|CS|TAMS 0x0000000712e00000| PB 0x0000000712e00000| Complete 
| 116|0x0000000713000000, 0x0000000713200000, 0x0000000713200000|100%| E|CS|TAMS 0x0000000713000000| PB 0x0000000713000000| Complete 
| 117|0x0000000713200000, 0x0000000713400000, 0x0000000713400000|100%| E|CS|TAMS 0x0000000713200000| PB 0x0000000713200000| Complete 
| 118|0x0000000713400000, 0x0000000713600000, 0x0000000713600000|100%| E|CS|TAMS 0x0000000713400000| PB 0x0000000713400000| Complete 
| 119|0x0000000713600000, 0x0000000713800000, 0x0000000713800000|100%| E|CS|TAMS 0x0000000713600000| PB 0x0000000713600000| Complete 
| 120|0x0000000713800000, 0x0000000713a00000, 0x0000000713a00000|100%| E|CS|TAMS 0x0000000713800000| PB 0x0000000713800000| Complete 
| 121|0x0000000713a00000, 0x0000000713c00000, 0x0000000713c00000|100%| E|CS|TAMS 0x0000000713a00000| PB 0x0000000713a00000| Complete 
| 122|0x0000000713c00000, 0x0000000713e00000, 0x0000000713e00000|100%| E|CS|TAMS 0x0000000713c00000| PB 0x0000000713c00000| Complete 
| 123|0x0000000713e00000, 0x0000000714000000, 0x0000000714000000|100%| E|CS|TAMS 0x0000000713e00000| PB 0x0000000713e00000| Complete 
| 124|0x0000000714000000, 0x0000000714200000, 0x0000000714200000|100%| E|CS|TAMS 0x0000000714000000| PB 0x0000000714000000| Complete 
| 125|0x0000000714200000, 0x0000000714400000, 0x0000000714400000|100%| E|CS|TAMS 0x0000000714200000| PB 0x0000000714200000| Complete 

Card table byte_map: [0x00000240d2840000,0x00000240d3020000] _byte_map_base: 0x00000240cf01c000

Marking Bits: (CMBitMap*) 0x00000240ba13a3c0
 Bits: [0x00000240d3020000, 0x00000240d6f00000)

Polling page: 0x00000240b9890000

Metaspace:

Usage:
  Non-class:      9.71 MB used.
      Class:    858.52 KB used.
       Both:     10.55 MB used.

Virtual space:
  Non-class space:       64.00 MB reserved,       9.81 MB ( 15%) committed,  1 nodes.
      Class space:        1.00 GB reserved,     960.00 KB ( <1%) committed,  1 nodes.
             Both:        1.06 GB reserved,      10.75 MB ( <1%) committed. 

Chunk freelists:
   Non-Class:  5.94 MB
       Class:  14.98 MB
        Both:  20.92 MB

MaxMetaspaceSize: unlimited
CompressedClassSpaceSize: 1.00 GB
Initial GC threshold: 21.00 MB
Current GC threshold: 21.00 MB
CDS: on
 - commit_granule_bytes: 65536.
 - commit_granule_words: 8192.
 - virtual_space_node_default_size: 8388608.
 - enlarge_chunks_in_place: 1.
 - use_allocation_guard: 0.


Internal statistics:

num_allocs_failed_limit: 0.
num_arena_births: 182.
num_arena_deaths: 0.
num_vsnodes_births: 2.
num_vsnodes_deaths: 0.
num_space_committed: 170.
num_space_uncommitted: 0.
num_chunks_returned_to_freelist: 0.
num_chunks_taken_from_freelist: 465.
num_chunk_merges: 0.
num_chunk_splits: 303.
num_chunks_enlarged: 201.
num_inconsistent_stats: 0.

CodeHeap 'non-profiled nmethods': size=119168Kb used=889Kb max_used=889Kb free=118278Kb
 bounds [0x00000240ca370000, 0x00000240ca5e0000, 0x00000240d17d0000]
CodeHeap 'profiled nmethods': size=119104Kb used=3482Kb max_used=3482Kb free=115621Kb
 bounds [0x00000240c27d0000, 0x00000240c2b40000, 0x00000240c9c20000]
CodeHeap 'non-nmethods': size=7488Kb used=3910Kb max_used=3947Kb free=3577Kb
 bounds [0x00000240c9c20000, 0x00000240ca010000, 0x00000240ca370000]
CodeCache: size=245760Kb, used=8281Kb, max_used=8318Kb, free=237476Kb
 total_blobs=3150, nmethods=1978, adapters=1074, full_count=0
Compilation: enabled, stopped_count=0, restarted_count=0

Compilation events (20 events):
Event: 9.867 Thread 0x00000240d9f97d90 nmethod 1969 0x00000240ca44b790 code [0x00000240ca44b920, 0x00000240ca44bc88]
Event: 9.871 Thread 0x00000240d9f9df00 nmethod 1968 0x00000240ca44bd10 code [0x00000240ca44bf40, 0x00000240ca44cc38]
Event: 9.878 Thread 0x00000240d9f9d830 1970       3       com.jme3.math.Vector3f::dot (45 bytes)
Event: 9.878 Thread 0x00000240d9f9ca90 1971       1       com.jme3.scene.Geometry::getMaterial (5 bytes)
Event: 9.878 Thread 0x00000240d9f9bcf0 1972       3       com.jme3.material.Material::getSortId (150 bytes)
Event: 9.878 Thread 0x00000240d9f9c3c0 1973       3       com.jme3.renderer.queue.OpaqueComparator::distanceToCam (98 bytes)
Event: 9.878 Thread 0x00000240d9f9ca90 nmethod 1971 0x00000240ca44d310 code [0x00000240ca44d4a0, 0x00000240ca44d570]
Event: 9.878 Thread 0x00000240d9f9ca90 1974       1       com.jme3.material.MatParam::getVarType (5 bytes)
Event: 9.878 Thread 0x00000240d9f9d830 nmethod 1970 0x00000240c2b2c490 code [0x00000240c2b2c660, 0x00000240c2b2c9b8]
Event: 9.878 Thread 0x00000240d9f9ca90 nmethod 1974 0x00000240ca44d610 code [0x00000240ca44d7a0, 0x00000240ca44d870]
Event: 9.878 Thread 0x00000240d9f9c3c0 nmethod 1973 0x00000240c2b2cb10 code [0x00000240c2b2cd80, 0x00000240c2b2d6b8]
Event: 9.878 Thread 0x00000240d9f9bcf0 nmethod 1972 0x00000240c2b2da10 code [0x00000240c2b2dc20, 0x00000240c2b2e6c8]
Event: 9.879 Thread 0x00000240d9f9d160 1975       4       java.lang.AbstractStringBuilder::append (77 bytes)
Event: 9.879 Thread 0x00000240d9f9d830 1976       3       sun.nio.fs.WindowsPathParser::normalize (233 bytes)
Event: 9.879 Thread 0x00000240d9f9ca90 1977       3       java.lang.Runtime$Version::feature (17 bytes)
Event: 9.880 Thread 0x00000240d9f9ca90 nmethod 1977 0x00000240c2b2ea90 code [0x00000240c2b2ec40, 0x00000240c2b2ef38]
Event: 9.880 Thread 0x00000240d9f9ca90 1978       3       java.lang.String::split (242 bytes)
Event: 9.881 Thread 0x00000240d9f9d830 nmethod 1976 0x00000240c2b2f010 code [0x00000240c2b2f5c0, 0x00000240c2b32110]
Event: 9.881 Thread 0x00000240d9f9ca90 nmethod 1978 0x00000240c2b33310 code [0x00000240c2b33720, 0x00000240c2b358f8]
Event: 9.882 Thread 0x00000240d9f9d160 nmethod 1975 0x00000240ca44d910 code [0x00000240ca44db00, 0x00000240ca44e1c0]

GC Heap History (4 events):
Event: 9.452 GC heap before
{Heap before GC invocations=0 (full 0):
 garbage-first heap   total 258048K, used 22528K [0x0000000704800000, 0x0000000800000000)
  region size 2048K, 11 young (22528K), 0 survivors (0K)
 Metaspace       used 8253K, committed 8448K, reserved 1114112K
  class space    used 611K, committed 704K, reserved 1048576K
}
Event: 9.459 GC heap after
{Heap after GC invocations=1 (full 0):
 garbage-first heap   total 258048K, used 3666K [0x0000000704800000, 0x0000000800000000)
  region size 2048K, 2 young (4096K), 2 survivors (4096K)
 Metaspace       used 8253K, committed 8448K, reserved 1114112K
  class space    used 611K, committed 704K, reserved 1048576K
}
Event: 9.639 GC heap before
{Heap before GC invocations=1 (full 0):
 garbage-first heap   total 258048K, used 40530K [0x0000000704800000, 0x0000000800000000)
  region size 2048K, 19 young (38912K), 2 survivors (4096K)
 Metaspace       used 10143K, committed 10368K, reserved 1114112K
  class space    used 794K, committed 896K, reserved 1048576K
}
Event: 9.641 GC heap after
{Heap after GC invocations=2 (full 0):
 garbage-first heap   total 258048K, used 5463K [0x0000000704800000, 0x0000000800000000)
  region size 2048K, 1 young (2048K), 1 survivors (2048K)
 Metaspace       used 10143K, committed 10368K, reserved 1114112K
  class space    used 794K, committed 896K, reserved 1048576K
}

Dll operation events (13 events):
Event: 0.438 Loaded shared library C:\Users\moham\.jdks\temurin-21.0.8\bin\java.dll
Event: 0.599 Loaded shared library C:\Users\moham\.jdks\temurin-21.0.8\bin\jsvml.dll
Event: 0.739 Loaded shared library C:\Users\moham\.jdks\temurin-21.0.8\bin\zip.dll
Event: 0.744 Loaded shared library C:\Users\moham\.jdks\temurin-21.0.8\bin\instrument.dll
Event: 0.749 Loaded shared library C:\Users\moham\.jdks\temurin-21.0.8\bin\net.dll
Event: 0.887 Loaded shared library C:\Users\moham\.jdks\temurin-21.0.8\bin\nio.dll
Event: 0.897 Loaded shared library C:\Users\moham\.jdks\temurin-21.0.8\bin\zip.dll
Event: 5.625 Loaded shared library C:\Users\moham\.jdks\temurin-21.0.8\bin\extnet.dll
Event: 5.636 Loaded shared library C:\Users\moham\.jdks\temurin-21.0.8\bin\jimage.dll
Event: 6.069 Loaded shared library C:\Users\moham\AppData\Local\Temp\lwjgl_moham\3.3.2+13\x64\lwjgl.dll
Event: 7.350 Loaded shared library C:\Users\moham\AppData\Local\Temp\lwjgl_moham\3.3.2+13\x64\lwjgl_opengl.dll
Event: 7.948 Loaded shared library C:\Users\moham\.jdks\temurin-21.0.8\bin\awt.dll
Event: 9.818 Loaded shared library C:\Users\moham\.jdks\temurin-21.0.8\bin\javajpeg.dll

Deoptimization events (20 events):
Event: 9.826 Thread 0x000002411f5769c0 Uncommon trap: trap_request=0xffffff45 fr.pc=0x00000240ca42f388 relative=0x0000000000000888
Event: 9.826 Thread 0x000002411f5769c0 Uncommon trap: reason=unstable_if action=reinterpret pc=0x00000240ca42f388 method=java.io.BufferedInputStream.implRead([BII)I @ 55 c2
Event: 9.826 Thread 0x000002411f5769c0 DEOPT PACKING pc=0x00000240ca42f388 sp=0x000000f6f4ffda10
Event: 9.826 Thread 0x000002411f5769c0 DEOPT UNPACKING pc=0x00000240c9c746a2 sp=0x000000f6f4ffd9e8 mode 2
Event: 9.832 Thread 0x000002411f5769c0 DEOPT PACKING pc=0x00000240c2a2cd00 sp=0x000000f6f4ffdc30
Event: 9.832 Thread 0x000002411f5769c0 DEOPT UNPACKING pc=0x00000240c9c74e42 sp=0x000000f6f4ffd108 mode 0
Event: 9.832 Thread 0x000002411f5769c0 DEOPT PACKING pc=0x00000240c2a2cd00 sp=0x000000f6f4ffdc30
Event: 9.832 Thread 0x000002411f5769c0 DEOPT UNPACKING pc=0x00000240c9c74e42 sp=0x000000f6f4ffd108 mode 0
Event: 9.832 Thread 0x000002411f5769c0 DEOPT PACKING pc=0x00000240c2a2cd00 sp=0x000000f6f4ffdc30
Event: 9.832 Thread 0x000002411f5769c0 DEOPT UNPACKING pc=0x00000240c9c74e42 sp=0x000000f6f4ffd108 mode 0
Event: 9.832 Thread 0x000002411f5769c0 DEOPT PACKING pc=0x00000240c2a2cd00 sp=0x000000f6f4ffdc30
Event: 9.832 Thread 0x000002411f5769c0 DEOPT UNPACKING pc=0x00000240c9c74e42 sp=0x000000f6f4ffd108 mode 0
Event: 9.832 Thread 0x000002411f5769c0 DEOPT PACKING pc=0x00000240c2a2cd00 sp=0x000000f6f4ffdc30
Event: 9.832 Thread 0x000002411f5769c0 DEOPT UNPACKING pc=0x00000240c9c74e42 sp=0x000000f6f4ffd108 mode 0
Event: 9.833 Thread 0x000002411f5769c0 DEOPT PACKING pc=0x00000240c2a2cd00 sp=0x000000f6f4ffdc30
Event: 9.833 Thread 0x000002411f5769c0 DEOPT UNPACKING pc=0x00000240c9c74e42 sp=0x000000f6f4ffd108 mode 0
Event: 9.834 Thread 0x000002411f5769c0 Uncommon trap: trap_request=0xffffff45 fr.pc=0x00000240ca415094 relative=0x00000000000000d4
Event: 9.834 Thread 0x000002411f5769c0 Uncommon trap: reason=unstable_if action=reinterpret pc=0x00000240ca415094 method=java.lang.Math.max(FF)F @ 11 c2
Event: 9.834 Thread 0x000002411f5769c0 DEOPT PACKING pc=0x00000240ca415094 sp=0x000000f6f4ffea90
Event: 9.834 Thread 0x000002411f5769c0 DEOPT UNPACKING pc=0x00000240c9c746a2 sp=0x000000f6f4ffea30 mode 2

Classes loaded (20 events):
Event: 9.729 Loading class com/sun/imageio/plugins/jpeg/JPEGImageReader
Event: 9.731 Loading class com/sun/imageio/plugins/jpeg/JPEGImageReader done
Event: 9.731 Loading class com/sun/imageio/plugins/jpeg/JPEGImageReader$1
Event: 9.731 Loading class com/sun/imageio/plugins/jpeg/JPEGImageReader$1 done
Event: 9.819 Loading class javax/imageio/plugins/jpeg/JPEGQTable
Event: 9.819 Loading class javax/imageio/plugins/jpeg/JPEGQTable done
Event: 9.819 Loading class javax/imageio/plugins/jpeg/JPEGHuffmanTable
Event: 9.820 Loading class javax/imageio/plugins/jpeg/JPEGHuffmanTable done
Event: 9.820 Loading class com/sun/imageio/plugins/jpeg/JPEGImageReader$CallBackLock
Event: 9.821 Loading class com/sun/imageio/plugins/jpeg/JPEGImageReader$CallBackLock done
Event: 9.821 Loading class com/sun/imageio/plugins/jpeg/JPEGImageReader$CallBackLock$State
Event: 9.821 Loading class com/sun/imageio/plugins/jpeg/JPEGImageReader$CallBackLock$State done
Event: 9.821 Loading class com/sun/imageio/plugins/jpeg/JPEGImageReader$JPEGReaderDisposerRecord
Event: 9.821 Loading class com/sun/imageio/plugins/jpeg/JPEGImageReader$JPEGReaderDisposerRecord done
Event: 9.821 Loading class javax/imageio/plugins/jpeg/JPEGImageReadParam
Event: 9.821 Loading class javax/imageio/plugins/jpeg/JPEGImageReadParam done
Event: 9.823 Loading class com/sun/imageio/plugins/jpeg/ImageTypeProducer
Event: 9.823 Loading class com/sun/imageio/plugins/jpeg/ImageTypeProducer done
Event: 9.823 Loading class com/sun/imageio/plugins/jpeg/ImageTypeIterator
Event: 9.823 Loading class com/sun/imageio/plugins/jpeg/ImageTypeIterator done

Classes unloaded (0 events):
No events

Classes redefined (0 events):
No events

Internal exceptions (20 events):
Event: 6.568 Thread 0x000002411f5769c0 Exception <a 'sun/nio/fs/WindowsException'{0x00000007137d53d0}> (0x00000007137d53d0) 
thrown [s\src\hotspot\share\prims\jni.cpp, line 520]
Event: 7.121 Thread 0x000002411f5769c0 Exception <a 'java/lang/NoSuchMethodError'{0x00000007134224a0}: 'void java.lang.System.load(java.lang.String, java.lang.Class)'> (0x00000007134224a0) 
thrown [s\src\hotspot\share\interpreter\linkResolver.cpp, line 773]
Event: 7.122 Thread 0x000002411f5769c0 Exception <a 'java/lang/NoSuchMethodError'{0x0000000713424f10}: 'void java.lang.System.loadLibrary(java.lang.String, java.lang.Class)'> (0x0000000713424f10) 
thrown [s\src\hotspot\share\interpreter\linkResolver.cpp, line 773]
Event: 7.122 Thread 0x000002411f5769c0 Exception <a 'sun/nio/fs/WindowsException'{0x000000071342a3b8}> (0x000000071342a3b8) 
thrown [s\src\hotspot\share\prims\jni.cpp, line 520]
Event: 7.122 Thread 0x000002411f5769c0 Exception <a 'sun/nio/fs/WindowsException'{0x000000071342a9b0}> (0x000000071342a9b0) 
thrown [s\src\hotspot\share\prims\jni.cpp, line 520]
Event: 7.123 Thread 0x000002411f5769c0 Exception <a 'sun/nio/fs/WindowsException'{0x00000007134311f0}> (0x00000007134311f0) 
thrown [s\src\hotspot\share\prims\jni.cpp, line 520]
Event: 7.125 Thread 0x000002411f5769c0 Exception <a 'sun/nio/fs/WindowsException'{0x0000000713435f80}> (0x0000000713435f80) 
thrown [s\src\hotspot\share\prims\jni.cpp, line 520]
Event: 7.125 Thread 0x000002411f5769c0 Exception <a 'sun/nio/fs/WindowsException'{0x0000000713436328}> (0x0000000713436328) 
thrown [s\src\hotspot\share\prims\jni.cpp, line 520]
Event: 7.355 Thread 0x000002411f5769c0 Exception <a 'sun/nio/fs/WindowsException'{0x000000071343ff38}> (0x000000071343ff38) 
thrown [s\src\hotspot\share\prims\jni.cpp, line 520]
Event: 7.355 Thread 0x000002411f5769c0 Exception <a 'sun/nio/fs/WindowsException'{0x0000000713440218}> (0x0000000713440218) 
thrown [s\src\hotspot\share\prims\jni.cpp, line 520]
Event: 7.977 Thread 0x000002411f5769c0 Exception <a 'sun/nio/fs/WindowsException'{0x0000000712ea6090}> (0x0000000712ea6090) 
thrown [s\src\hotspot\share\prims\jni.cpp, line 520]
Event: 7.977 Thread 0x000002411f5769c0 Exception <a 'sun/nio/fs/WindowsException'{0x0000000712ea6678}> (0x0000000712ea6678) 
thrown [s\src\hotspot\share\prims\jni.cpp, line 520]
Event: 7.978 Thread 0x000002411f5769c0 Exception <a 'sun/nio/fs/WindowsException'{0x0000000712eacea8}> (0x0000000712eacea8) 
thrown [s\src\hotspot\share\prims\jni.cpp, line 520]
Event: 7.987 Thread 0x000002411f5769c0 Exception <a 'sun/nio/fs/WindowsException'{0x0000000712eb1c18}> (0x0000000712eb1c18) 
thrown [s\src\hotspot\share\prims\jni.cpp, line 520]
Event: 7.987 Thread 0x000002411f5769c0 Exception <a 'sun/nio/fs/WindowsException'{0x0000000712eb1f98}> (0x0000000712eb1f98) 
thrown [s\src\hotspot\share\prims\jni.cpp, line 520]
Event: 9.423 Thread 0x000002411f5769c0 Exception <a 'java/lang/NoSuchMethodError'{0x0000000712eda158}: 'java.lang.Object java.lang.invoke.DirectMethodHandle$Holder.newInvokeSpecial(java.lang.Object, long)'> (0x0000000712eda158) 
thrown [s\src\hotspot\share\interpreter\linkResolver.cpp, line 773]
Event: 9.480 Thread 0x000002411f5769c0 Exception <a 'java/lang/ClassNotFoundException'{0x00000007143606e0}: sun/awt/resources/spi/awtProvider> (0x00000007143606e0) 
thrown [s\src\hotspot\share\classfile\systemDictionary.cpp, line 312]
Event: 9.481 Thread 0x000002411f5769c0 Exception <a 'java/io/FileNotFoundException'{0x0000000714366990}> (0x0000000714366990) 
thrown [s\src\hotspot\share\prims\jni.cpp, line 520]
Event: 9.483 Thread 0x000002411f5769c0 Exception <a 'java/io/FileNotFoundException'{0x00000007143912e8}> (0x00000007143912e8) 
thrown [s\src\hotspot\share\prims\jni.cpp, line 520]
Event: 9.682 Thread 0x000002411f5769c0 Implicit null exception at 0x00000240ca3f8b11 to 0x00000240ca3f93d8

ZGC Phase Switch (0 events):
No events

VM Operations (20 events):
Event: 6.081 Executing VM operation: HandshakeAllThreads (Deoptimize)
Event: 6.081 Executing VM operation: HandshakeAllThreads (Deoptimize) done
Event: 7.092 Executing VM operation: Cleanup
Event: 7.092 Executing VM operation: Cleanup done
Event: 7.119 Executing VM operation: HandshakeAllThreads (Deoptimize)
Event: 7.119 Executing VM operation: HandshakeAllThreads (Deoptimize) done
Event: 8.126 Executing VM operation: Cleanup
Event: 8.126 Executing VM operation: Cleanup done
Event: 9.140 Executing VM operation: Cleanup
Event: 9.140 Executing VM operation: Cleanup done
Event: 9.452 Executing VM operation: G1CollectForAllocation (G1 Evacuation Pause)
Event: 9.459 Executing VM operation: G1CollectForAllocation (G1 Evacuation Pause) done
Event: 9.467 Executing VM operation: HandshakeAllThreads (Deoptimize)
Event: 9.467 Executing VM operation: HandshakeAllThreads (Deoptimize) done
Event: 9.639 Executing VM operation: G1CollectForAllocation (G1 Evacuation Pause)
Event: 9.641 Executing VM operation: G1CollectForAllocation (G1 Evacuation Pause) done
Event: 9.716 Executing VM operation: HandshakeAllThreads (Deoptimize)
Event: 9.716 Executing VM operation: HandshakeAllThreads (Deoptimize) done
Event: 9.716 Executing VM operation: HandshakeAllThreads (Deoptimize)
Event: 9.716 Executing VM operation: HandshakeAllThreads (Deoptimize) done

Memory protections (0 events):
No events

Nmethod flushes (0 events):
No events

Events (20 events):
Event: 5.715 Thread 0x00000240ba0d0570 Thread added: 0x00000240ba0d0570
Event: 6.071 Thread 0x00000240d9f9c3c0 Thread exited: 0x00000240d9f9c3c0
Event: 6.073 Thread 0x00000240d9f9ca90 Thread exited: 0x00000240d9f9ca90
Event: 6.122 Thread 0x00000240d9f9a880 Thread added: 0x00000240d9f9d160
Event: 6.537 Thread 0x00000240d9f9d160 Thread exited: 0x00000240d9f9d160
Event: 7.523 Thread 0x000002411f5769c0 Thread added: 0x000002412257e800
Event: 8.649 Thread 0x00000240d9f9af50 Thread exited: 0x00000240d9f9af50
Event: 9.425 Thread 0x00000240d9f9a880 Thread exited: 0x00000240d9f9a880
Event: 9.425 Thread 0x00000240d9f9df00 Thread exited: 0x00000240d9f9df00
Event: 9.439 Thread 0x000002411f5769c0 Thread added: 0x000002412257ee90
Event: 9.449 Thread 0x00000240d9f9d830 Thread added: 0x00000240d9f9c3c0
Event: 9.449 Thread 0x00000240d9f9d830 Thread added: 0x00000240d9f9bcf0
Event: 9.449 Thread 0x00000240d9f9d830 Thread added: 0x00000240d9f9ca90
Event: 9.495 Thread 0x000002411f5769c0 Thread added: 0x000002412257f520
Event: 9.509 Thread 0x00000240d9f9ca90 Thread added: 0x00000240d9f9df00
Event: 9.511 Thread 0x00000240d9f9c3c0 Thread added: 0x00000240d9f9d160
Event: 9.567 Thread 0x00000240d9f97d90 Thread added: 0x00000240d9f9a880
Event: 9.716 Thread 0x000002411f5769c0 Thread added: 0x000002412257fbb0
Event: 9.831 Thread 0x00000240d9f9a880 Thread exited: 0x00000240d9f9a880
Event: 9.834 Thread 0x00000240d9f9bcf0 Thread added: 0x00000240d9f9a880


Dynamic libraries:
0x00007ff7552c0000 - 0x00007ff7552ce000 	C:\Users\moham\.jdks\temurin-21.0.8\bin\java.exe
0x00007ffdd7db0000 - 0x00007ffdd7fc7000 	C:\Windows\SYSTEM32\ntdll.dll
0x00007ffdd72b0000 - 0x00007ffdd7374000 	C:\Windows\System32\KERNEL32.DLL
0x00007ffdd5120000 - 0x00007ffdd54f2000 	C:\Windows\System32\KERNELBASE.dll
0x00007ffdd5620000 - 0x00007ffdd5731000 	C:\Windows\System32\ucrtbase.dll
0x00007ffd9edf0000 - 0x00007ffd9ee0e000 	C:\Users\moham\.jdks\temurin-21.0.8\bin\VCRUNTIME140.dll
0x00007ffdb8ba0000 - 0x00007ffdb8bb8000 	C:\Users\moham\.jdks\temurin-21.0.8\bin\jli.dll
0x00007ffdd73d0000 - 0x00007ffdd7581000 	C:\Windows\System32\USER32.dll
0x00007ffdd59e0000 - 0x00007ffdd5a06000 	C:\Windows\System32\win32u.dll
0x00007ffdc8180000 - 0x00007ffdc841b000 	C:\Windows\WinSxS\amd64_microsoft.windows.common-controls_6595b64144ccf1df_6.0.22621.5547_none_27104afb73855772\COMCTL32.dll
0x00007ffdd5dd0000 - 0x00007ffdd5df9000 	C:\Windows\System32\GDI32.dll
0x00007ffdd58b0000 - 0x00007ffdd59d3000 	C:\Windows\System32\gdi32full.dll
0x00007ffdd7600000 - 0x00007ffdd76a7000 	C:\Windows\System32\msvcrt.dll
0x00007ffdd5500000 - 0x00007ffdd559a000 	C:\Windows\System32\msvcp_win.dll
0x00007ffdd5e90000 - 0x00007ffdd5ec1000 	C:\Windows\System32\IMM32.DLL
0x00007ffdc89e0000 - 0x00007ffdc89ec000 	C:\Users\moham\.jdks\temurin-21.0.8\bin\vcruntime140_1.dll
0x00007ffd58720000 - 0x00007ffd587ad000 	C:\Users\moham\.jdks\temurin-21.0.8\bin\msvcp140.dll
0x00007ffcf8940000 - 0x00007ffcf96d7000 	C:\Users\moham\.jdks\temurin-21.0.8\bin\server\jvm.dll
0x00007ffdd71f0000 - 0x00007ffdd72a1000 	C:\Windows\System32\ADVAPI32.dll
0x00007ffdd5c90000 - 0x00007ffdd5d38000 	C:\Windows\System32\sechost.dll
0x00007ffdd4f30000 - 0x00007ffdd4f58000 	C:\Windows\System32\bcrypt.dll
0x00007ffdd5b70000 - 0x00007ffdd5c84000 	C:\Windows\System32\RPCRT4.dll
0x00007ffdd6e00000 - 0x00007ffdd6e71000 	C:\Windows\System32\WS2_32.dll
0x00007ffdd3cf0000 - 0x00007ffdd3d3d000 	C:\Windows\SYSTEM32\POWRPROF.dll
0x00007ffdcaff0000 - 0x00007ffdcb024000 	C:\Windows\SYSTEM32\WINMM.dll
0x00007ffdc8b00000 - 0x00007ffdc8b0a000 	C:\Windows\SYSTEM32\VERSION.dll
0x00007ffdd3cd0000 - 0x00007ffdd3ce3000 	C:\Windows\SYSTEM32\UMPDC.dll
0x00007ffdd3f90000 - 0x00007ffdd3fa8000 	C:\Windows\SYSTEM32\kernel.appcore.dll
0x00007ffdb9e60000 - 0x00007ffdb9e6a000 	C:\Users\moham\.jdks\temurin-21.0.8\bin\jimage.dll
0x00007ffdd2320000 - 0x00007ffdd2553000 	C:\Windows\SYSTEM32\DBGHELP.DLL
0x00007ffdd77c0000 - 0x00007ffdd7b53000 	C:\Windows\System32\combase.dll
0x00007ffdd5a90000 - 0x00007ffdd5b67000 	C:\Windows\System32\OLEAUT32.dll
0x00007ffdc8980000 - 0x00007ffdc89b2000 	C:\Windows\SYSTEM32\dbgcore.DLL
0x00007ffdd55a0000 - 0x00007ffdd561b000 	C:\Windows\System32\bcryptPrimitives.dll
0x00007ffdcf2d0000 - 0x00007ffdcf2df000 	C:\Users\moham\.jdks\temurin-21.0.8\bin\instrument.dll
0x00007ffd936f0000 - 0x00007ffd9370f000 	C:\Users\moham\.jdks\temurin-21.0.8\bin\java.dll
0x00007ffdd6430000 - 0x00007ffdd6cd2000 	C:\Windows\System32\SHELL32.dll
0x00007ffdd4f60000 - 0x00007ffdd509f000 	C:\Windows\System32\wintypes.dll
0x00007ffdd2d70000 - 0x00007ffdd368d000 	C:\Windows\SYSTEM32\windows.storage.dll
0x00007ffdd6cf0000 - 0x00007ffdd6dfc000 	C:\Windows\System32\SHCORE.dll
0x00007ffdd6e80000 - 0x00007ffdd6ee9000 	C:\Windows\System32\shlwapi.dll
0x00007ffdd4da0000 - 0x00007ffdd4dcb000 	C:\Windows\SYSTEM32\profapi.dll
0x00007ffd19d30000 - 0x00007ffd19e07000 	C:\Users\moham\.jdks\temurin-21.0.8\bin\jsvml.dll
0x00007ffd5bbe0000 - 0x00007ffd5bbf8000 	C:\Users\moham\.jdks\temurin-21.0.8\bin\zip.dll
0x00007ffdb9310000 - 0x00007ffdb9320000 	C:\Users\moham\.jdks\temurin-21.0.8\bin\net.dll
0x00007ffdce3e0000 - 0x00007ffdce50c000 	C:\Windows\SYSTEM32\WINHTTP.dll
0x00007ffdd4410000 - 0x00007ffdd4479000 	C:\Windows\system32\mswsock.dll
0x00007ffd8b2d0000 - 0x00007ffd8b2e6000 	C:\Users\moham\.jdks\temurin-21.0.8\bin\nio.dll
0x00007ffda36b0000 - 0x00007ffda36b9000 	C:\Users\moham\.jdks\temurin-21.0.8\bin\extnet.dll
0x00007ffd328f0000 - 0x00007ffd3296a000 	C:\Users\moham\AppData\Local\Temp\lwjgl_moham\3.3.2+13\x64\lwjgl.dll
0x00007ffce4a10000 - 0x00007ffce4c80000 	C:\Users\moham\AppData\Local\Temp\lwjgl_moham\3.3.2+13\x64\jemalloc.dll
0x00007ffd32560000 - 0x00007ffd325e2000 	C:\Users\moham\AppData\Local\Temp\lwjgl_moham\3.3.2+13\x64\glfw.dll
0x00007ffd32510000 - 0x00007ffd32556000 	C:\Windows\SYSTEM32\dinput8.dll
0x00007ffd5b480000 - 0x00007ffd5b491000 	C:\Windows\SYSTEM32\xinput1_4.dll
0x00007ffdd4b60000 - 0x00007ffdd4bae000 	C:\Windows\SYSTEM32\cfgmgr32.dll
0x00007ffdd4b30000 - 0x00007ffdd4b5c000 	C:\Windows\SYSTEM32\DEVOBJ.dll
0x00007ffdcfa70000 - 0x00007ffdcfa9e000 	C:\Windows\SYSTEM32\dwmapi.dll
0x00007ffd987c0000 - 0x00007ffd989d5000 	C:\Windows\SYSTEM32\inputhost.dll
0x00007ffdcc370000 - 0x00007ffdcc4a3000 	C:\Windows\SYSTEM32\CoreMessaging.dll
0x00007ffdcf820000 - 0x00007ffdcf8d4000 	C:\Windows\system32\uxtheme.dll
0x00007ffd8ef60000 - 0x00007ffd8f093000 	C:\ProgramData\A-Volute\A-Volute.Nahimic\Modules\Scheduled\x64\AudioDevProps2.dll
0x00007ffdd7050000 - 0x00007ffdd71f0000 	C:\Windows\System32\ole32.dll
0x00007ffdd4680000 - 0x00007ffdd468c000 	C:\Windows\SYSTEM32\CRYPTBASE.DLL
0x00007ffdd6ef0000 - 0x00007ffdd7050000 	C:\Windows\System32\MSCTF.dll
0x00007ffd9adc0000 - 0x00007ffd9aec0000 	C:\Windows\SYSTEM32\opengl32.dll
0x00007ffdbc880000 - 0x00007ffdbc8ad000 	C:\Windows\SYSTEM32\GLU32.dll
0x00007ffdd2680000 - 0x00007ffdd26b7000 	C:\Windows\SYSTEM32\dxcore.dll
0x00007ffdca420000 - 0x00007ffdca46a000 	C:\Windows\SYSTEM32\directxdatabasehelper.dll
0x00007ffdd6360000 - 0x00007ffdd6410000 	C:\Windows\System32\clbcatq.dll
0x00007ffdcdac0000 - 0x00007ffdcdc07000 	C:\Windows\System32\AppXDeploymentClient.dll
0x00007ffdb6ac0000 - 0x00007ffdb6bbb000 	C:\Windows\System32\Windows.ApplicationModel.dll
0x00007ffdcec70000 - 0x00007ffdced79000 	C:\Windows\system32\propsys.dll
0x00007ffdcc790000 - 0x00007ffdcc827000 	C:\Windows\SYSTEM32\apphelp.dll
0x00007ffd91f70000 - 0x00007ffd91f8a000 	C:\Windows\system32\NetworkExplorer.dll
0x00007ffd89100000 - 0x00007ffd89126000 	C:\Windows\system32\mssprxy.dll
0x00007ffce2420000 - 0x00007ffce37fa000 	C:\Windows\System32\DriverStore\FileRepository\iigd_dch.inf_amd64_d6e2ca28201a0bfa\igxelpicd64.dll
0x00007ffdcf960000 - 0x00007ffdcfa57000 	C:\Windows\SYSTEM32\dxgi.dll
0x00007ffda1560000 - 0x00007ffda1586000 	C:\Windows\SYSTEM32\d3d12.dll
0x00007ffd8e590000 - 0x00007ffd8e6d9000 	C:\Windows\System32\DriverStore\FileRepository\iigd_dch.inf_amd64_d6e2ca28201a0bfa\igdml64.dll
0x00007ffdc39e0000 - 0x00007ffdc3e20000 	C:\Windows\System32\DriverStore\FileRepository\iigd_dch.inf_amd64_d6e2ca28201a0bfa\igdgmm64.dll
0x00007ffdc6d10000 - 0x00007ffdc6d36000 	C:\Windows\System32\DriverStore\FileRepository\iigd_dch.inf_amd64_d6e2ca28201a0bfa\igc64.dll
0x00007ffdbfa40000 - 0x00007ffdc3949000 	C:\Windows\System32\DriverStore\FileRepository\iigd_dch.inf_amd64_d6e2ca28201a0bfa\igc1464.dll
0x00007ffd984d0000 - 0x00007ffd98616000 	C:\Windows\SYSTEM32\textinputframework.dll
0x00007ffdc7b60000 - 0x00007ffdc7ecc000 	C:\Windows\SYSTEM32\CoreUIComponents.dll
0x00007ffd32290000 - 0x00007ffd322ee000 	C:\Users\moham\AppData\Local\Temp\lwjgl_moham\3.3.2+13\x64\lwjgl_opengl.dll
0x00007ffdd3690000 - 0x00007ffdd369e000 	C:\Windows\SYSTEM32\HID.DLL
0x00007ffdd5ed0000 - 0x00007ffdd6344000 	C:\Windows\System32\SETUPAPI.DLL
0x00007ffdd50a0000 - 0x00007ffdd511c000 	C:\Windows\System32\WINTRUST.dll
0x00007ffdd5740000 - 0x00007ffdd58a7000 	C:\Windows\System32\CRYPT32.dll
0x00007ffdd4b10000 - 0x00007ffdd4b22000 	C:\Windows\SYSTEM32\MSASN1.dll
0x00007ffd1b460000 - 0x00007ffd1b5ee000 	C:\Users\moham\.jdks\temurin-21.0.8\bin\awt.dll
0x00007ffcfaf90000 - 0x00007ffcfb155000 	C:\Users\moham\AppData\Local\Temp\lwjgl_moham\3.3.2+13\x64\OpenAL.dll
0x00007ffdbf3f0000 - 0x00007ffdbf48c000 	C:\Windows\System32\MMDevApi.dll
0x00007ffdb96c0000 - 0x00007ffdb98ae000 	C:\Windows\SYSTEM32\AudioSes.dll
0x00007ffdb4630000 - 0x00007ffdb4697000 	C:\ProgramData\A-Volute\A-Volute.Nahimic\Modules\Scheduled\x64\ProductInfo.dll
0x00007ffdb8f40000 - 0x00007ffdb8f83000 	C:\ProgramData\A-Volute\A-Volute.Nahimic\Modules\Scheduled\x64\ASM.Plugin.AudioDevProps2.dll
0x00007ffdd2a30000 - 0x00007ffdd2a45000 	C:\Windows\SYSTEM32\resourcepolicyclient.dll
0x00007ffd328c0000 - 0x00007ffd328ee000 	C:\Users\moham\.jdks\temurin-21.0.8\bin\javajpeg.dll

JVMTI agents:
C:\Program Files\JetBrains\IntelliJ IDEA 2025.2.3\lib\idea_rt.jar path:C:\Users\moham\.jdks\temurin-21.0.8\bin\instrument.dll, loaded, initialized, instrumentlib options:52243

dbghelp: loaded successfully - version: 4.0.5 - missing functions: none
symbol engine: initialized successfully - sym options: 0x614 - pdb path: .;C:\Users\moham\.jdks\temurin-21.0.8\bin;C:\Windows\SYSTEM32;C:\Windows\WinSxS\amd64_microsoft.windows.common-controls_6595b64144ccf1df_6.0.22621.5547_none_27104afb73855772;C:\Users\moham\.jdks\temurin-21.0.8\bin\server;C:\Users\moham\AppData\Local\Temp\lwjgl_moham\3.3.2+13\x64;C:\ProgramData\A-Volute\A-Volute.Nahimic\Modules\Scheduled\x64;C:\Windows\System32\DriverStore\FileRepository\iigd_dch.inf_amd64_d6e2ca28201a0bfa

VM Arguments:
jvm_args: -javaagent:C:\Program Files\JetBrains\IntelliJ IDEA 2025.2.3\lib\idea_rt.jar=52243 -Dfile.encoding=UTF-8 -Dsun.stdout.encoding=UTF-8 -Dsun.stderr.encoding=UTF-8 
java_command: com.virtualvisit.scene.TerrainRealisteApp
java_class_path (initial): C:\Users\moham\Desktop\robot-3d-java\target\classes;C:\Users\moham\.m2\repository\org\jmonkeyengine\jme3-core\3.6.1-stable\jme3-core-3.6.1-stable.jar;C:\Users\moham\.m2\repository\org\jmonkeyengine\jme3-desktop\3.6.1-stable\jme3-desktop-3.6.1-stable.jar;C:\Users\moham\.m2\repository\org\jmonkeyengine\jme3-lwjgl3\3.6.1-stable\jme3-lwjgl3-3.6.1-stable.jar;C:\Users\moham\.m2\repository\org\lwjgl\lwjgl\3.3.2\lwjgl-3.3.2.jar;C:\Users\moham\.m2\repository\org\lwjgl\lwjgl-glfw\3.3.2\lwjgl-glfw-3.3.2.jar;C:\Users\moham\.m2\repository\org\lwjgl\lwjgl-jemalloc\3.3.2\lwjgl-jemalloc-3.3.2.jar;C:\Users\moham\.m2\repository\org\lwjgl\lwjgl-openal\3.3.2\lwjgl-openal-3.3.2.jar;C:\Users\moham\.m2\repository\org\lwjgl\lwjgl-opencl\3.3.2\lwjgl-opencl-3.3.2.jar;C:\Users\moham\.m2\repository\org\lwjgl\lwjgl-opengl\3.3.2\lwjgl-opengl-3.3.2.jar;C:\Users\moham\.m2\repository\org\lwjgl\lwjgl\3.3.2\lwjgl-3.3.2-natives-windows.jar;C:\Users\moham\.m2\repository\org\lwjgl\lwjgl\3.3.2\lwjgl-3.3.2-natives-windows-x86.jar;C:\Users\moham\.m2\repository\org\lwjgl\lwjgl\3.3.2\lwjgl-3.3.2-natives-linux.jar;C:\Users\moham\.m2\repository\org\lwjgl\lwjgl\3.3.2\lwjgl-3.3.2-natives-linux-arm32.jar;C:\Users\moham\.m2\repository\org\lwjgl\lwjgl\3.3.2\lwjgl-3.3.2-natives-linux-arm64.jar;C:\Users\moham\.m2\repository\org\lwjgl\lwjgl\3.3.2\lwjgl-3.3.2-natives-macos.jar;C:\Users\moham\.m2\repository\org\lwjgl\lwjgl\3.3.2\lwjgl-3.3.2-natives-macos-arm64.jar;C:\Users\moham\.m2\repository\org\lwjgl\lwjgl-glfw\3.3.2\lwjgl-glfw-3.3.2-natives-windows.jar;C:\Users\moham\.m2\repository\org\lwjgl\lwjgl-glfw\3.3.2\lwjgl-glfw-3.3.2-natives-windows-x86.jar;C:\Users\moham\.m2\repository\org\lwjgl\lwjgl-glfw\3.3.2\lwjgl-glfw-3.3.2-natives-linux.jar;C:\Users\moham\.m2\repository\org\lwjgl\lwjgl-glfw\3.3.2\lwjgl-glfw-3.3.2-natives-linux-arm32.jar;C:\Users\moham\.m2\repository\org\lwjgl\lwjgl-glfw\3.3.2\lwjgl-glfw-3.3.2-natives-linux-arm64.jar;C:\Users\moham\.m2\repository\org\lwjgl\lwjgl-glfw\3.3.2\lwjgl-glfw-3.3.2-natives-macos.jar;C:\Users\moham\.m2\repository\org\lwjgl\lwjgl-glfw\3.3.2\lwjgl-glfw-3.3.2-natives-macos-arm64.jar;C:\Users\moham\.m2\repository\org\lwjgl\lwjgl-jemalloc\3.3.2\lwjgl-jemalloc-3.3.2-natives-windows.jar;C:\Users\moham\.m2\repository\org\lwjgl\lwjgl-jemalloc\3.3.2\lwjgl-jemalloc-3.3.2-natives-windows-x86.jar;C:\Users\moham\.m2\repository\org\lwjgl\lwjgl-jemalloc\3.3.2\lwjgl-jemalloc-3.3.2-natives-linux.jar;C:\Users\moham\.m2\repository\org\lwjgl\lwjgl-jemalloc\3.3.2\lwjgl-jemalloc-3.3.2-natives-linux-arm32.jar;C:\Users\moham\.m2\repository\org\lwjgl\lwjgl-jemalloc\3.3.2\lwjgl-jemalloc-3.3.2-natives-linux-arm64.jar;C:\Users\moham\.m2\repository\org\lwjgl\lwjgl-jemalloc\3.3.2\lwjgl-jemalloc-3.3.2-natives-macos.jar;C:\Users\moham\.m2\repository\org\lwjgl\lwjgl-jemalloc\3.3.2\lwjgl-jemalloc-3.3.2-natives-macos-arm64.jar;C:\Users\moham\.m2\repository\org\lwjgl\lwjgl-opengl\3.3.2\lwjgl-opengl-3.3.2-natives-windows.jar;C:\Users\moham\.m2\repository\org\lwjgl\lwjgl-opengl\3.3.2\lwjgl-opengl-3.3.2-natives-windows-x86.jar;C:\Users\moham\.m2\repository\org\lwjgl\lwjgl-opengl\3.3.2\lwjgl-opengl-3.3.2-natives-linux.jar;C:\Users\moham\.m2\repository\org\lwjgl\lwjgl-opengl\3.3.2\lwjgl-opengl-3.3.2-natives-linux-arm32.jar;C:\Users\moham\.m2\repository\org\lwjgl\lwjgl-opengl\3.3.2\lwjgl-opengl-3.3.2-natives-linux-arm64.jar;C:\Users\moham\.m2\repository\org\lwjgl\lwjgl-opengl\3.3.2\lwjgl-opengl-3.3.2-natives-macos.jar;C:\Users\moham\.m2\repository\org\lwjgl\lwjgl-opengl\3.3.2\lwjgl-opengl-3.3.2-natives-macos-arm64.jar;C:\Users\moham\.m2\repository\org\lwjgl\lwjgl-openal\3.3.2\lwjgl-openal-3.3.2-natives-windows.jar;C:\Users\moham\.m2\repository\org\lwjgl\lwjgl-openal\3.3.2\lwjgl-openal-3.3.2-natives-windows-x86.jar;C:\Users\moham\.m2\repository\org\lwjgl\lwjgl-openal\3.3.2\lwjgl-openal-3.3.2-natives-linux.jar;C:\Users\moham\.m2\repository\org\lwjgl\lwjgl-openal\3.3.2\lwjgl-openal-3.3.2-natives-linux-arm32.jar;C:\Users\moham\.m2\repository\org\lwjgl\lwjgl-openal\3.3.2\lwjgl-openal-3.3.2-natives-linux-arm64.jar;C:\Users\moham\.m2\repository\org\lwjgl\lwjgl-openal\3.3.2\lwjgl-openal-3.3.2-natives-macos.jar;C:\Users\moham\.m2\repository\org\lwjgl\lwjgl-openal\3.3.2\lwjgl-openal-3.3.2-natives-macos-arm64.jar;C:\Users\moham\.m2\repository\org\jmonkeyengine\jme3-terrain\3.6.1-stable\jme3-terrain-3.6.1-stable.jar;C:\Users\moham\.m2\repository\org\jmonkeyengine\jme3-effects\3.6.1-stable\jme3-effects-3.6.1-stable.jar;C:\Users\moham\.m2\repository\org\jmonkeyengine\jme3-plugins\3.6.1-stable\jme3-plugins-3.6.1-stable.jar;C:\Users\moham\.m2\repository\com\google\code\gson\gson\2.9.1\gson-2.9.1.jar
Launcher Type: SUN_STANDARD

[Global flags]
     intx CICompilerCount                          = 12                                        {product} {ergonomic}
     uint ConcGCThreads                            = 3                                         {product} {ergonomic}
     uint G1ConcRefinementThreads                  = 13                                        {product} {ergonomic}
   size_t G1HeapRegionSize                         = 2097152                                   {product} {ergonomic}
    uintx GCDrainStackTargetSize                   = 64                                        {product} {ergonomic}
   size_t InitialHeapSize                          = 264241152                                 {product} {ergonomic}
   size_t MarkStackSize                            = 4194304                                   {product} {ergonomic}
   size_t MaxHeapSize                              = 4219469824                                {product} {ergonomic}
   size_t MaxNewSize                               = 2531262464                                {product} {ergonomic}
   size_t MinHeapDeltaBytes                        = 2097152                                   {product} {ergonomic}
   size_t MinHeapSize                              = 8388608                                   {product} {ergonomic}
    uintx NonNMethodCodeHeapSize                   = 7602480                                {pd product} {ergonomic}
    uintx NonProfiledCodeHeapSize                  = 122027880                              {pd product} {ergonomic}
    uintx ProfiledCodeHeapSize                     = 122027880                              {pd product} {ergonomic}
    uintx ReservedCodeCacheSize                    = 251658240                              {pd product} {ergonomic}
     bool SegmentedCodeCache                       = true                                      {product} {ergonomic}
   size_t SoftMaxHeapSize                          = 4219469824                             {manageable} {ergonomic}
     bool UseCompressedOops                        = true                           {product lp64_product} {ergonomic}
     bool UseG1GC                                  = true                                      {product} {ergonomic}
     bool UseLargePagesIndividualAllocation        = false                                  {pd product} {ergonomic}

Logging:
Log output configuration:
 #0: stdout all=warning uptime,level,tags foldmultilines=false
 #1: stderr all=off uptime,level,tags foldmultilines=false

Environment Variables:
JAVA_HOME=C:\Program Files\Java\jdk-25
PATH=C:\Program Files\Common Files\Oracle\Java\javapath;C:\app\moham\product\23ai\dbhomeFree\bin;C:\Windows\system32;C:\Windows;C:\Windows\System32\Wbem;C:\Windows\System32\WindowsPowerShell\v1.0\;C:\Windows\System32\OpenSSH\;C:\Program Files (x86)\NVIDIA Corporation\PhysX\Common;C:\Program Files\NVIDIA Corporation\NVIDIA NvDLISR;C:\MinGW\bin;C:\xampp\php;C:\ProgramData\ComposerSetup\bin;C:\Program Files\Git\cmd;C:\Program Files\Docker\Docker\resources\bin;C:\Program Files\nodejs\;C:\Users\moham\miniconda3;C:\Users\moham\miniconda3\Library\mingw-w64\bin;C:\Users\moham\miniconda3\Library\usr\bin;C:\Users\moham\miniconda3\Library\bin;C:\Users\moham\miniconda3\Scripts;C:\Users\moham\AppData\Local\Programs\Python\Python312\Scripts\;C:\Users\moham\AppData\Local\Programs\Python\Python312\;C:\Users\moham\AppData\Local\Programs\Python\Launcher\;C:\Users\moham\AppData\Local\Microsoft\WindowsApps;C:\Users\moham\AppData\Local\Programs\Microsoft VS Code\bin;C:\Users\moham\AppData\Roaming\Composer\vendor\bin;C:\Users\moham\AppData\Roaming\npm;C:\Program Files\JetBrains\IntelliJ IDEA 2025.2.3\bin
USERNAME=moham
OS=Windows_NT
PROCESSOR_IDENTIFIER=Intel64 Family 6 Model 186 Stepping 2, GenuineIntel
TMP=C:\Users\moham\AppData\Local\Temp
TEMP=C:\Users\moham\AppData\Local\Temp




Periodic native trim disabled

---------------  S Y S T E M  ---------------

OS:
 Windows 11 , 64 bit Build 22621 (10.0.22621.5415)
OS uptime: 11 days 10:19 hours
Hyper-V role detected

CPU: total 16 (initial active 16) (8 cores per cpu, 2 threads per core) family 6 model 186 stepping 2 microcode 0x410e, cx8, cmov, fxsr, ht, mmx, 3dnowpref, sse, sse2, sse3, ssse3, sse4.1, sse4.2, popcnt, lzcnt, tsc, tscinvbit, avx, avx2, aes, erms, clmul, bmi1, bmi2, adx, sha, fma, vzeroupper, clflush, clflushopt, clwb, hv, serialize, rdtscp, rdpid, fsrm, f16c, cet_ibt, cet_ss
Processor Information for processor 0
  Max Mhz: 2400, Current Mhz: 2400, Mhz Limit: 2400
Processor Information for processor 1
  Max Mhz: 2400, Current Mhz: 2400, Mhz Limit: 2400
Processor Information for processor 2
  Max Mhz: 2400, Current Mhz: 2400, Mhz Limit: 2400
Processor Information for processor 3
  Max Mhz: 2400, Current Mhz: 2400, Mhz Limit: 2400
Processor Information for processor 4
  Max Mhz: 2400, Current Mhz: 2400, Mhz Limit: 2400
Processor Information for processor 5
  Max Mhz: 2400, Current Mhz: 2400, Mhz Limit: 2400
Processor Information for processor 6
  Max Mhz: 2400, Current Mhz: 2400, Mhz Limit: 2400
Processor Information for processor 7
  Max Mhz: 2400, Current Mhz: 2400, Mhz Limit: 2400
Processor Information for processor 8
  Max Mhz: 2400, Current Mhz: 2400, Mhz Limit: 2400
Processor Information for processor 9
  Max Mhz: 2400, Current Mhz: 2400, Mhz Limit: 2400
Processor Information for processor 10
  Max Mhz: 2400, Current Mhz: 2400, Mhz Limit: 2400
Processor Information for processor 11
  Max Mhz: 2400, Current Mhz: 1520, Mhz Limit: 2400
Processor Information for processor 12
  Max Mhz: 2400, Current Mhz: 2400, Mhz Limit: 2400
Processor Information for processor 13
  Max Mhz: 2400, Current Mhz: 1466, Mhz Limit: 2400
Processor Information for processor 14
  Max Mhz: 2400, Current Mhz: 2400, Mhz Limit: 2400
Processor Information for processor 15
  Max Mhz: 2400, Current Mhz: 2400, Mhz Limit: 2400

Memory: 4k page, system-wide physical 16088M (1486M free)
TotalPageFile size 31960M (AvailPageFile size 7638M)
current process WorkingSet (physical memory assigned to process): 225M, peak: 225M
current process commit charge ("private bytes"): 480M, peak: 481M

vm_info: OpenJDK 64-Bit Server VM (21.0.8+9-LTS) for windows-amd64 JRE (21.0.8+9-LTS), built on 2025-07-15T00:00:00Z by "admin" with MS VC++ 17.7 (VS2022)

END.
